WP60LIUS.SPN
Install
Acer LP-76	WP60HP02
AEG Olympia Compact RO	*
AEG Olympia ESW 2000	*
AEG Olympia Laserstar 6	WP60HP02
AEG Olympia Laserstar 6e	WP60HP02
AEG Olympia NP 30	*
AEG Olympia NP 80 SE	*
AEG Olympia NP 80-24	*
AEG Olympia NP 136 SE	*
AEG Olympia NP 136-24	*
AEG Olympia NPC 136-24	*
AEG Olympia Startype	*
AGFA Compugraphic 9400PS	*
Alphacom Alphapro 101	*
Alps Allegro 24	*
Alps Allegro 500	*
Alps ALQ200 (18 pin)	*
Alps ALQ200 (24 pin)	*
Alps ALQ224e	*
Alps ALQ300 (18 pin)	*
Alps ALQ300 (24 pin)	*
Alps ALQ324e	*
Alps P2000	*
Alps P2000+	*
Alps P2100	*
Alps P2400C	*
Amelia 250	*
Amelia PC	*
AMT ACCEL-500	*
AMT ACCEL-535	*
Apple ImageWriter II	*
Apple LaserWriter	WP60PS02
Apple LaserWriter IIf	WP60PS02
Apple LaserWriter IIg	WP60PS02
Apple LaserWriter IINT	WP60PS01
Apple LaserWriter IINTX	WP60PS01
Apple LaserWriter Plus	WP60PS01
Apple LaserWriter Pro 600	WP60PS02
Apple LaserWriter Pro 630	WP60PS02
Apple Personal LaserWriter NTR	WP60PS01
ASCII Text Printer	WP60DM03
AST TurboLaser/PS	*
AT&T 495 Laser Printer	WP60HP02
AT&T 7500S Typewriter	*
BDT ERGOPRINT 310	*
BDT ERGOPRINT 610	WP60HP02
Brother 2024L	*
Brother HJ-100	WP60MS03
Brother HJ-400	WP60MS01
Brother HL-4	WP60HP02
Brother HL-4PS	WP60PS02
Brother HL-4V	WP60HP01
Brother HL-4Ve	WP60HP01
Brother HL-6	WP60HP02
Brother HL-6V	WP60HP01
Brother HL-8D	WP60HP01
Brother HL-8e	WP60HP01
Brother HL-8PS	WP60PS01
Brother HL-8PS (HP)	WP60HP02
Brother HL-8V	WP60HP01
Brother HL-10DPS	WP60PS01
Brother HL-10DV	WP60HP01
Brother HL-10h (BR-Script)	WP60PS01
Brother HL-10PS	WP60PS01
Brother HR-15XL	*
Brother HR-20	*
Brother HR-35	*
Brother HR-40	*
Brother M-1109	*
Brother M-1309	*
Brother M-1324	*
Brother M-1509	*
Brother M-1509 (Epson)	*
Brother M-1709	*
Brother M-1724L	*
Brother M-1809	*
Brother M-1824L	*
Brother M-1824L (Epson)	*
Brother M-1909	*
Brother M-1924L	*
Brother M-1924L (Epson)	*
Brother M-2518	*
Brother M-4309	*
Brother Twinriter 6	*
C.ITOH C-310 CP	*
C.ITOH C-310 CXP	*
C.ITOH C-310 EP	*
C.ITOH C-715F	*
C.ITOH C-815	*
C.ITOH CI-250 LXP (Epson)	*
C.ITOH CI-5000 (Epson)	*
C.ITOH D10-40	*
C.ITOH F10-40 Starwriter	*
C.ITOH F10-55 Printmaster	*
C.ITOH LIPS II	WP60HP02
C.ITOH ProWriter jr. Plus	*
C.ITOH ProWriter 8510	*
CalComp CCL 600	WP60PS01
CalComp ColorMaster Plus 6613 PS	*
Canon AP110	*
Canon AP800	*
Canon AP810	*
Canon AP830	*
Canon AP850	*
Canon BJ-10e	WP60MS03
Canon BJ-10ex	WP60MS03
Canon BJ-10ex (LQ mode)	*
Canon BJ-20	WP60MS03
Canon BJ-20 (LQ mode)	*
Canon BJ-130	WP60MS03
Canon BJ-130 (NEC P7 Capsule)	*
Canon BJ-130e	WP60MS03
Canon BJ-200	WP60MS03
Canon BJ-200 (LQ mode)	*
Canon BJ-230	WP60MS03
Canon BJ-230 (LQ mode)	*
Canon BJ-300	WP60MS01
Canon BJ-330	WP60MS01
Canon BJC-800	WP60MS03
Canon BJC-820	WP60MS03
Canon LBP-4	WP60LA03
Canon LBP-4 LITE	WP60LA03
Canon LBP-4 Plus	WP60LA03
Canon LBP-4sx	WP60HP01
Canon LBP-8 Mark IV	WP60LA03
Canon LBP-8 A1	WP60LA03
Canon LBP-8 A2	WP60LA03
Canon LBP-8II	WP60LA03
Canon LBP-8IIR	WP60LA03
Canon LBP-8IIT	WP60LA03
Canon LBP-8III	WP60LA03
Canon LBP-8III Plus	WP60LA03
Canon LBP-8III ScriptCard	WP60PS02
Canon LBP-8IIIR	WP60LA03
Canon LBP-8IIIT	WP60LA03
Canon PR500	*
Canon PS-IPU Color Laser Copier	*
Citizen 120D	WP60DM08
Citizen 180D	WP60DM08
Citizen 200GX	WP60DM08
Citizen 200GX Fifteen	WP60DM08
Citizen 5200	WP60DM08
Citizen 5800	WP60DM08
Citizen GSX-130	WP60DM08
Citizen GSX-140	WP60DM08
Citizen GSX-140 (Color)	WP60DM08
Citizen GSX-140 Plus	WP60DM08
Citizen GSX-140 Plus (Color)	WP60DM08
Citizen GSX-145	WP60DM08
Citizen GSX-145 (Color)	WP60DM08
Citizen GSX-190	WP60DM08
Citizen GSX-230	WP60DM08
Citizen GSX-240	WP60DM08
Citizen GSX-240 (Color)	WP60DM08
Citizen HSP-500	WP60DM08
Citizen HSP-550	WP60DM08
Citizen MSP-10	WP60DM08
Citizen MSP-15	WP60DM08
Citizen MSP-20	WP60DM08
Citizen MSP-25	WP60DM08
Citizen MSP-40	WP60DM08
Citizen MSP-45	WP60DM08
Citizen MSP-50	WP60DM08
Citizen MSP-55	WP60DM08
Citizen PN48	WP60DM08
Citizen Premiere 35	*
Citizen Tribute 124	WP60DM08
Citizen Tribute 124 (Epson)	WP60DM08
Citizen Tribute 224	WP60DM08
Citizen Tribute 224 (Epson)	WP60DM08
COMPAQ PAGEMARQ 15 (PCL)	WP60HP01
COMPAQ PAGEMARQ 15 (PS)	WP60PS01
COMPAQ PAGEMARQ 20 (PCL)	WP60HP01
COMPAQ PAGEMARQ 20 (PS)	WP60PS01
Copal Writehand 1200L	*
Data General 4558	WP60LA03
Data General 6321	*
Data General 6454	WP60LA03
Dataproducts 9044	*
Dataproducts Jolt PS	*
Dataproducts LZR-650	WP60HP02
Dataproducts LZR-960	WP60PS02
Dataproducts LZR-1230	WP60HP02
Dataproducts LZR-1260	WP60PS01
Dataproducts LZR-1555	WP60HP02
Dataproducts LZR-1560	WP60PS02
Dataproducts LZR-1580	WP60PS02
Dataproducts LZR-2080	WP60PS02
Dataproducts LZR-2450D	WP60HP02
Dataproducts LZR-2630	*
Dataproducts P132	*
Dataproducts SPG 8050	*
Datasouth DS-220	*
Datasouth DS-400	*
Diablo 620	*
Diablo 630	*
Diablo 630 ECS	*
Diablo 635	*
Diablo Advantage D25	*
Diablo D80IF	*
Diconix 150	WP60MS03
Diconix 150 Plus	WP60MS03
Diconix 180si	WP60MS03
Diconix 300w	WP60MS03
Diconix 701	WP60MS03
Diconix Color 4	WP60MS01
Digital Colormate PS	*
Digital DEClaser 1100	*
Digital DEClaser 1150	*
Digital DEClaser 1152	*
Digital DEClaser 2100	*
Digital DEClaser 2100 plus	*
Digital DEClaser 2150	*
Digital DEClaser 2150 plus	*
Digital DEClaser 2200	*
Digital DEClaser 2200 plus	*
Digital DEClaser 2250	*
Digital DEClaser 2250 plus	*
Digital DEClaser 3200	*
Digital DEClaser 3250	*
Digital DECmultiJET 1000	*
Digital DECmultiJET 2000	*
Digital DECwriter 95	*
Digital DECwriter 95 (Color)	*
Digital LA50	*
Digital LA70	*
Digital LA75	*
Digital LA75 Plus	*
Digital LA100	*
Digital LA210	*
Digital LA310	*
Digital LA324 MultiPrinter	*
Digital LA424 MultiPrinter	*
Digital LJ250	WP60MS01
Digital LJ252	WP60MS01
Digital LN03	*
Digital LN03 Plus	*
Digital LN03R (ScriptPrinter)	*
Digital LQP02	*
Digital LQP02 (Limited)	*
Digital LQP03	*
Digital LQP03 (Limited)	*
Digital LQP45	*
Digital LQP45 (Limited)	*
Digital PrintServer 17	*
Digital PrintServer 20	*
Digital PrintServer 32	*
Digital PrintServer 40	*
Digital turbo PrintServer 20	*
DOS Text Printer	WP60DM03
DP-Tek TruePoint	*
EiconScript	*
Elgin 1004 PS	WP60PS01
Elgin EE 300	*
Elgin EE 818	*
Elgin Laser (PDL 13)	WP60PS01
Elgin Laser (PDL 35)	WP60PS01
Elgin Laser 1004	WP60HP01
Elgin Laser 1006	WP60HP01
Elgin Laser 1008	WP60HP01
Elgin MT 440	*
Elgin MT 540	*
Emilia PC	*
Emilia PC/2	*
Emilia PC/3	*
Emilia Plus	*
Epson ActionLaser II	WP60HP01
Epson ActionLaser II PostScript Card	WP60PS02
Epson ActionLaser 1000	WP60HP01
Epson ActionLaser 1500	WP60HP01
Epson ActionPrinter L-750	WP60DM01
Epson ActionPrinter L-1000	WP60DM01
Epson ActionPrinter T-750	WP60DM01
Epson ActionPrinter T-1000	*
Epson ActionPrinter 2000	WP60DM01
Epson ActionPrinter 2250	WP60DM01
Epson ActionPrinter 3000	WP60DM01
Epson ActionPrinter 3250	WP60DM01
Epson ActionPrinter 4000	WP60DM01
Epson ActionPrinter 4500	WP60DM01
Epson ActionPrinter 5000	WP60DM01
Epson ActionPrinter 5000+	WP60DM01
Epson ActionPrinter 5500	WP60DM01
Epson Apex-80	*
Epson EPI-4000	WP60HP02
Epson EPL-4000 PostScript Card	WP60PS02
Epson EPL-4100 (HP)	WP60HP02
Epson EPL-6000	WP60HP02
Epson EPL-7000	WP60HP02
Epson EPL-7000 PostScript Card	WP60PS02
Epson EPL-7050C PostScript Card	WP60PS02
Epson EPL-7100 (HP)	WP60HP02
Epson EPL-7500	WP60PS02
Epson EPL-8000	WP60HP02
Epson EPL-8000 PostScript Card	WP60PS02
Epson EPL-8100 (HP)	WP60HP02
Epson EX-800	WP60DM01
Epson EX-1000	WP60DM01
Epson FX-80	*
Epson FX-85	*
Epson FX-86e	WP60DM01
Epson FX-100	*
Epson FX-185	*
Epson FX-286	*
Epson FX-286e	WP60DM01
Epson FX-850	WP60DM01
Epson FX-870	WP60DM01
Epson FX-1050	WP60DM01
Epson FX-1170	WP60DM01
Epson GQ-3500	*
Epson LQ-200	WP60DM01
Epson LQ-500	WP60DM01
Epson LQ-500 (L6 ROM)	WP60DM01
Epson LQ-510	WP60DM01
Epson LQ-570	WP60DM01
Epson LQ-570+	WP60DM01
Epson LQ-800	*
Epson LQ-850	WP60DM01
Epson LQ-850 (Canada-French)	*
Epson LQ-850 (M8 ROM)	WP60DM01
Epson LQ-850 (Multilingual)	*
Epson LQ-850 (Portugal)	*
Epson LQ-860	WP60DM01
Epson LQ-870	WP60DM01
Epson LQ-950	WP60DM01
Epson LQ-1000	*
Epson LQ-1010	WP60DM01
Epson LQ-1050	WP60DM01
Epson LQ-1050 (Canada-French)	*
Epson LQ-1050 (M8 ROM)	WP60DM01
Epson LQ-1050 (Multilingual)	*
Epson LQ-1050 (Portugal)	*
Epson LQ-1060	WP60DM01
Epson LQ-1070	WP60DM01
Epson LQ-1070+	WP60DM01
Epson LQ-1170	WP60DM01
Epson LQ-1500	WP60DM01
Epson LQ-2500	WP60DM01
Epson LQ-2550	WP60DM01
Epson LX-80	*
Epson LX-86	*
Epson LX-800	*
Epson LX-810	WP60DM01
Epson MX-80	*
Epson MX-80 Graftrax	*
Epson MX-80 Type III	*
Epson MX-100	*
Epson Stylus 800	WP60DM01
Facit P6060	WP60HP02
Forma Laser	WP60HP01
Fortis DM1310	*
Fortis DM2015	*
Fortis DM2210	*
Fortis DM2215	*
Fortis DM3215	*
Fortis DP600S	WP60HP02
Fortis DP600W	*
Fortis DQ4110	*
Fortis DQ4210	*
Fortis DQ4215	*
Fortis/Dynax DH45	*
Fortis/Dynax DX15	*
Fortis/Dynax DX21	*
Fortis/Dynax DX25	*
Fortis/Dynax DX41	*
Fujitsu DL1100	*
Fujitsu DL2400	*
Fujitsu DL2600	*
Fujitsu DL3400	*
Fujitsu DL3600	*
Fujitsu DL4400	*
Fujitsu DL5600	*
Fujitsu Dotmax 24D	*
Fujitsu DX2200 (Type F)	*
Fujitsu DX2200 (Type I)	*
Fujitsu RX7100	WP60HP02
Fujitsu RX7100PS	WP60PS01
Fujitsu RX7200	WP60HP02
Fujitsu SP 320	*
GENICOM 1040	*
GENICOM 3410 (IBM)	*
GENICOM 3410 XCQ	*
GENICOM 3410 XCQ (IBM)	*
GENICOM 3820	*
GENICOM 3830	*
Grafix Laser	WP60HP02
HP 2603A	*
HP DeskJet	WP60MS01
HP DeskJet Plus	WP60MS01
HP DeskJet Plus (Additional)	*
HP DeskJet Portable	WP60MS01
HP DeskJet 500	WP60MS01
HP DeskJet 500 (Additional)	*
HP DeskJet 500C (Black Pen)	WP60MS01
HP DeskJet 500C (Color Pen)	WP60MS01
HP DeskJet 550C	WP60MS01
HP DeskJet 1200C	WP60HP01
HP DeskJet 1200C PostScript	WP60PS01
HP LaserJet	WP60HP01
HP LaserJet 4	WP60HP01
HP LaserJet 4 PostScript	WP60PS01
HP LaserJet 4L	WP60HP01
HP LaserJet 4M (PCL)	WP60HP01
HP LaserJet 4M PostScript	WP60PS01
HP LaserJet 4ML (PCL)	WP60HP01
HP LaserJet 4ML PostScript	WP60PS01
HP LaserJet 4Si	WP60HP01
HP LaserJet 4Si MX (PCL)	WP60HP01
HP LaserJet 4Si PostScript	WP60PS01
HP LaserJet 500+	WP60HP01
HP LaserJet 2000	WP60HP01
HP LaserJet IID	WP60HP01
HP LaserJet IID PostScript	WP60PS01
HP LaserJet IIP	WP60HP01
HP LaserJet IIP Plus PostScript	WP60PS01
HP LaserJet IIP Plus	WP60HP01
HP LaserJet IIP PostScript	WP60PS01
HP LaserJet III	WP60HP01
HP LaserJet III PostScript	WP60PS01
HP LaserJet III PostScript Plus	WP60PS01
HP LaserJet IIID	WP60HP01
HP LaserJet IIID PostScript	WP60PS01
HP LaserJet IIID PostScript Plus	WP60PS01
HP LaserJet IIIP	WP60HP01
HP LaserJet IIIP PostScript	WP60PS01
HP LaserJet IIIP PostScript Plus	WP60PS01
HP LaserJet IIISi	WP60HP01
HP LaserJet IIISi PostScript	WP60PS01
HP LaserJet Series II	WP60HP01
HP LaserJet Series II PostScript	*
HP LaserJet+	WP60HP01
HP PaintJet	WP60MS01
HP PaintJet XL	WP60MS01
HP PaintJet XL300	WP60HP01
HP PaintJet XL300 PostScript	WP60PS01
HP QuietJet	WP60MS01
HP QuietJet Plus	WP60MS01
HP ThinkJet	WP60MS01
IBM 2380 Personal Printer Series II	WP60DM03
IBM 2381 Personal Printer Series II	WP60DM03
IBM 2390 Personal Printer Series II	WP60DM03
IBM 2391 Personal Printer Series II	WP60DM03
IBM 3812 Pageprinter	*
IBM 3816 Pageprinter	*
IBM 4019 LaserPrinter	WP60LA01
IBM 4019 LaserPrinter (HP)	WP60HP02
IBM 4019 LaserPrinter E	WP60LA01
IBM 4019 LaserPrinter E PostScript	WP60PS02
IBM 4019 LaserPrinter PostScript	WP60PS02
IBM 4029 LaserPrinter (PCL4)	WP60HP02
IBM 4029 LaserPrinter (PCL5)	WP60HP01
IBM 4029 LaserPrinter 5E	WP60LA01
IBM 4029 LaserPrinter 5E PostScript	WP60PS01
IBM 4029 LaserPrinter 6	WP60LA01
IBM 4029 LaserPrinter 6 PostScript	WP60PS01
IBM 4029 LaserPrinter 6P PostScript	WP60PS01
IBM 4029 LaserPrinter 10	WP60LA01
IBM 4029 LaserPrinter 10 PostScript	WP60PS01
IBM 4029 LaserPrinter 10L	WP60LA01
IBM 4029 LaserPrinter 10L PostScript	WP60PS01
IBM 4029 LaserPrinter 10P PostScript	WP60PS01
IBM 4039 LaserPrinter Series	WP60HP01
IBM 4039 LaserPrinter Series PS	WP60PS01
IBM 4070 IJ	WP60MS03
IBM 4079 Color Jetprinter PS	WP60PS01
IBM 4216 Personal Pageprinter	*
IBM 4216-30 Personal Page Printer II	WP60PS02
IBM 4216-31 Personal Page Printer II	WP60PS02
IBM 4226 Personal Printer Series II	WP60DM03
IBM 5183 Portable Printer	WP60DM08
IBM 5216 Wheelprinter	*
IBM AFP (Advanced Function Printing)	*
IBM Color Printer	WP60DM03
IBM Correcting Quietwriter	*
IBM Correcting Wheelwriter	*
IBM ExecJet 4072	WP60MS01
IBM PC Graphics Printer	WP60DM03
IBM Proprinter	WP60DM03
IBM Proprinter II	WP60DM03
IBM Proprinter IIXL	WP60DM03
IBM Proprinter III	WP60DM03
IBM Proprinter IIIXL	WP60DM03
IBM Proprinter XL	WP60DM03
IBM Proprinter 24P	WP60DM03
IBM Proprinter X24	WP60DM03
IBM Proprinter X24E	WP60DM03
IBM Proprinter XL24	WP60DM03
IBM Proprinter XL24E	WP60DM03
IBM PS/1 Printer	WP60DM03
IBM Quickwriter	*
IBM Quietwriter I	*
IBM Quietwriter I (Old EPROM)	*
IBM Quietwriter II	*
IBM Quietwriter III	*
IBM Quietwriter 7	*
IBM Quietwriter 8	*
IBM Wheelprinter E	*
IBM Wheelwriter 5 Series II	*
IBM Wheelwriter 6 Series II	*
IBM Wheelwriter 10 Series II	*
JDL-850	*
Juki 5510	*
Juki 6000	*
Juki 6300	*
Kentek K30/K30D (PCL)	WP60HP02
Kentek K30/K30D PS	*
Kodak EktaPlus 7016	WP60HP02
Kodak EktaPlus 7016 PS	*
Kodak EktaPlus 7016 PS (HP Mode)	WP60HP02
Konica LP-3110	WP60HP02
Kyocera ECOSYS a-Si FS-3500A (PS)	WP60PS01
Kyocera ECOSYS a-Si FS-3500A	WP60HP01
Kyocera ECOSYS a-Si FS-1500A (PS)	WP60PS01
Kyocera ECOSYS a-Si FS-1500A	WP60HP01
Kyocera F-800A	WP60HP01
Kyocera F-820A	WP60HP01
Kyocera F-1000A	WP60HP01
Kyocera F-1010	WP60HP01
Kyocera F-1800A	WP60HP01
Kyocera F-2000A	WP60HP01
Kyocera F-2010	WP60HP01
Kyocera F-3000A	WP60HP01
Kyocera F-3010	WP60HP01
Kyocera F-5000A	WP60HP01
Kyocera FS-850	WP60HP01
Kyocera FS-5500A	WP60HP01
Kyocera Q-8010	WP60PS02
Kyocera Q-8010 (HP)	WP60HP02
Lady 80	*
Lady 90	*
LaserDesk	WP60HP01
LaserDesk (LaserScript)	WP60PS01
LaserDesk IIP	WP60HP01
LaserDesk IIP (LaserScript)	WP60PS01
LaserImage 1000	WP60HP02
LaserPro Silver Express	WP60HP02
Mannesmann Tally MT91	WP60MS03
Mannesmann Tally MT180	*
Mannesmann Tally MT735	WP60HP02
Mannesmann Tally MT905	WP60HP02
Mannesmann Tally MT910	WP60HP02
Mannesmann Tally MT911 PS	*
Microtek TrueLaser MTP-306	WP60PS01
Minolta SP 130	WP60HP02
Mirage Master	*
Mirage Power	*
Monica	*
Monica Plus	*
NEC Colormate PS	WP60PS01
NEC Pinwriter CP6	*
NEC Pinwriter CP7	*
NEC Pinwriter P2 (6302)	*
NEC Pinwriter P2 (6303)	*
NEC Pinwriter P3 (6302)	*
NEC Pinwriter P3 (6303)	*
NEC Pinwriter P5	*
NEC Pinwriter P5XL	*
NEC Pinwriter P6	*
NEC Pinwriter P7	*
NEC Pinwriter P9	*
NEC Pinwriter P9XL	*
NEC Pinwriter P2200	*
NEC Pinwriter P2200XE	*
NEC Pinwriter P3200	WP60DM02
NEC Pinwriter P3300	WP60DM02
NEC Pinwriter P5200	WP60DM02
NEC Pinwriter P5300	WP60DM02
NEC Pinwriter P6200	WP60DM02
NEC Pinwriter P6300	WP60DM02
NEC Pinwriter P9300	WP60DM02
NEC Silentwriter LC-815	*
NEC Silentwriter LC-850	*
NEC Silentwriter LC-860+	WP60HP02
NEC Silentwriter LC-890	WP60PS01
NEC Silentwriter LC-890XL	WP60PS01
NEC Silentwriter Model 95	WP60PS01
NEC Silentwriter 2 Model 90	WP60PS02
NEC Silentwriter 2 S60	WP60HP02
NEC Silentwriter 2 260	WP60HP02
NEC Silentwriter 2 290	WP60PS01
NEC Silentwriter 2 990	WP60PS02
NEC Spinwriter ELF 350	*
NEC Spinwriter ELF 360	*
NEC Spinwriter 2050	*
NEC Spinwriter 3510	*
NEC Spinwriter 3530	*
NEC Spinwriter 3550	*
NEC Spinwriter 5515	*
NEC Spinwriter 7715	*
NEC Spinwriter 7730	*
NEC Spinwriter 8815 (8800)	*
NEC Spinwriter 8830 (8800)	*
NEC Spinwriter 8850 (8800)	*
NewGen TurboPS/300	WP60PS01
NewGen TurboPS/360	*
NewGen TurboPS/400	*
NewGen TurboPS/480	WP60PS02
NewGen TurboPS/840e	WP60PS02
Okidata 180 (Epson)	WP60DM06
Okidata DOCùIT 3000 (TI 13)	WP60PS01
Okidata DOCùIT 4000 (TI 13)	WP60PS01
Okidata LaserLine 6	WP60HP02
Okidata ML 83A	*
Okidata ML 83A (w/Okigraph)	*
Okidata ML 84	*
Okidata ML 84 (IBM)	*
Okidata ML 92	*
Okidata ML 92 (IBM)	*
Okidata ML 93	*
Okidata ML 93 (IBM)	*
Okidata ML 172	WP60DM06
Okidata ML 182 (IBM)	WP60DM06
Okidata ML 182 Turbo	WP60DM06
Okidata ML 182+	WP60DM06
Okidata ML 182+ (IBM)	WP60DM06
Okidata ML 183 (IBM)	WP60DM06
Okidata ML 183+ (IBM)	WP60DM06
Okidata ML 184 Turbo	WP60DM06
Okidata ML 184 Turbo (IBM)	WP60DM06
Okidata ML 192	WP60DM06
Okidata ML 192 (IBM)	WP60DM06
Okidata ML 192+	WP60DM06
Okidata ML 192+ (IBM)	WP60DM06
Okidata ML 193	WP60DM06
Okidata ML 193 (IBM)	WP60DM06
Okidata ML 193+	WP60DM06
Okidata ML 193+ (IBM)	WP60DM06
Okidata ML 292	WP60DM06
Okidata ML 292 (IBM)	WP60DM06
Okidata ML 293	WP60DM06
Okidata ML 293 (IBM)	WP60DM06
Okidata ML 294	WP60DM06
Okidata ML 294 (IBM)	WP60DM06
Okidata ML 320	WP60DM06
Okidata ML 320 (Epson)	WP60DM06
Okidata ML 320 (IBM)	WP60DM06
Okidata ML 321	WP60DM06
Okidata ML 321 (Epson)	WP60DM06
Okidata ML 321 (IBM)	WP60DM06
Okidata ML 380	WP60DM06
Okidata ML 390	WP60DM06
Okidata ML 390 (IBM)	WP60DM06
Okidata ML 390+	WP60DM06
Okidata ML 390+ (IBM)	WP60DM06
Okidata ML 391	WP60DM06
Okidata ML 391 (IBM)	WP60DM06
Okidata ML 391+	WP60DM06
Okidata ML 391+ (IBM)	WP60DM06
Okidata ML 393	WP60DM06
Okidata ML 393 (IBM)	WP60DM06
Okidata ML 393+	WP60DM06
Okidata ML 393C	WP60DM06
Okidata ML 393C (IBM)	WP60DM06
Okidata ML 393C+	WP60DM06
Okidata ML 395	WP60DM06
Okidata ML 395C	WP60DM06
Okidata ML 520	WP60DM06
Okidata ML 521	WP60DM06
Okidata ML 590	WP60DM06
Okidata ML 591	WP60DM06
Okidata OL400	WP60HP01
Okidata OL400e	WP60HP01
Okidata OL800	WP60HP01
Okidata OL810	WP60HP01
Okidata OL820	WP60HP02
Okidata OL830 Plus (HP)	WP60HP01
Okidata OL830 Plus PostScript	WP60PS01
Okidata OL830 PostScript	WP60PS01
Okidata OL840 PostScript	WP60PS01
Okidata OL850 (HP)	WP60HP01
Okidata OL850 PostScript	WP60PS01
Okidata Pacemark 3410	WP60DM06
Olivetti DY 800	*
Olivetti PG 108	WP60HP01
Olivetti PG 208	WP60HP01
Olivetti PG 306	WP60HP02
Olivetti PG 308	WP60HP02
Olivetti PG 404	WP60HP02
Olivetti PG 404 TrueImage	WP60PS01
Olivetti PG 408	WP60HP02
Olivetti PG 408 TrueImage	WP60PS01
Olivetti PG 417	WP60HP02
Olivetti PG 417 PDL	WP60PS02
Olivetti TH 760S	*
Olivia	*
Olympus Image Systems IS2030 HP	WP60HP02
Olympus Image Systems IS2030 PS	WP60PS02
OTC Laser Matrix 1000	WP60HP02
Pacific Data Products ProTracer (PS)	*
PacificPage	*
PacificPage Personal Edition	*
Panasonic KX-E7000	*
Panasonic KX-P1080i	*
Panasonic KX-P1081	*
Panasonic KX-P1082	*
Panasonic KX-P1083	*
Panasonic KX-P1091	*
Panasonic KX-P1091i	*
Panasonic KX-P1092	*
Panasonic KX-P1092i	*
Panasonic KX-P1123	WP60DM07
Panasonic KX-P1124	WP60DM07
Panasonic KX-P1124i	WP60DM07
Panasonic KX-P1180	WP60DM07
Panasonic KX-P1191	WP60DM07
Panasonic KX-P1524	*
Panasonic KX-P1540	*
Panasonic KX-P1592	*
Panasonic KX-P1595	*
Panasonic KX-P1624	WP60DM07
Panasonic KX-P1654	WP60DM07
Panasonic KX-P1695	WP60DM07
Panasonic KX-P2023	WP60DM07
Panasonic KX-P2123	WP60DM07
Panasonic KX-P2124	WP60DM07
Panasonic KX-P2180	WP60DM07
Panasonic KX-P2624	WP60DM07
Panasonic KX-P3123	WP60DM07
Panasonic KX-P3124	WP60DM07
Panasonic KX-P3131	*
Panasonic KX-P3151	*
Panasonic KX-P4410 Laser	WP60HP01
Panasonic KX-P4420 Laser	WP60HP01
Panasonic KX-P4430 Laser	WP60HP01
Panasonic KX-P4440 Laser	WP60HP01
Panasonic KX-P4450 Laser	WP60HP02
Panasonic KX-P4450i Laser	WP60HP02
Panasonic KX-P4451 Laser	WP60HP02
Panasonic KX-P4455 (PostScript)	WP60PS01
Passthru PostScript	WP60PS02
Passthru Text	WP60DM03
Primage 90-GT	*
Princom PR 320	*
QMS 1725 Print System	WP60PS01
QMS 2025 Print System	WP60PS02
QMS 3225 Print System	WP60PS02
QMS 420 Print System	WP60PS01
QMS 860 Print System	WP60PS01
QMS Big Kiss	*
QMS ColorScript 100 Model 10	WP60PS01
QMS ColorScript 100 Model 30	WP60PS01
QMS ColorScript 100 Model 30i	WP60PS01
QMS ColorScript 230	WP60PS01
QMS JetScript	WP60PS01
QMS K8	*
QMS Kiss	*
QMS Kiss Plus (Module 20/30)	*
QMS PS Jet +	WP60PS01
QMS PS 410	WP60PS01
QMS PS 800 II	WP60PS01
QMS PS 810	WP60PS01
QMS PS 810 Turbo	WP60PS02
QMS PS 815	WP60PS01
QMS PS 815MR	WP60PS01
QMS PS 820	WP60PS01
QMS PS 820 Turbo	WP60PS02
QMS PS 825	WP60PS01
QMS PS 825MR	WP60PS01
QMS PS 1700	WP60PS01
QMS PS 2000	WP60PS02
QMS PS 2200	*
QMS PS 3200	WP60PS02
QMS SmartWriter Plus (Module 20/30)	*
QMS SmartWriter 150	WP60HP02
Qume CrystalPrint Publisher	WP60PS02
Qume CrystalPrint Publisher II	WP60PS02
Qume CrystalPrint WP	*
Qume LaserTEN PLUS (HP)	WP60HP02
Qume Letter Pro PLUS	*
Qume ScripTEN	WP60PS01
Qume Sprint 11/55 PLUS	*
Raster Devices Trendsetter	*
Raven LP-1030	WP60HP01
Raven LP-1130	WP60HP02
Raven RP-2405	WP60DM07
Raven RP-2406	WP60DM07
Raven RP-2420	WP60DM07
Raven RP-9105	WP60DM07
Ricoh LP 4080R	*
Ricoh PC Laser 6000	*
Ricoh PC Laser 6000/PS	*
Rima AT 500	*
Rima LD 8000	WP60HP01
Rima ML 380	WP60DM06
Rima ML 390	WP60DM06
Rima ML 391	WP60DM06
Rima OL 400	WP60HP01
Rima OL 830 (HP)	WP60HP01
Rima XT 180	*
Rima XT 180 (Itautec)	*
Rima XT 180 Junior	*
Rima XT 220	*
Rima XT 250	*
Rima XT 250 (IBM)	WP60DM03
Rima XT 300	*
Roland PR-1012	*
Roland PR-1111	*
Roland PR-1112	*
Roland PR-1212A	*
Roland PR-1212AL	*
Roland PR-1215	*
Roland PR-1250	*
Roland PR-1550	*
Roland PR-2017	*
Roland PR-2022	*
Roland PR-2450	*
Roland Raven LP-510	WP60HP01
Roland Raven LP-530	WP60HP01
Roland Raven LP-800	WP60HP01
Roland Raven LP-1100	WP60HP02
Roland Raven LP-1110	WP60HP02
Roland Raven LP-1170PS	WP60PS01
Roland Raven PR-2416	WP60DM07
Roland Raven PR-2417	WP60DM07
Roland Raven PR-2418	WP60DM07
Roland Raven PR-2465	WP60DM07
Roland Raven PR-2465Q	WP60DM07
Roland Raven PR-2466	WP60DM07
Roland Raven PR-9101	WP60DM07
Roland Raven PR-9104	WP60DM07
Roland Raven PR-9606	WP60DM07
Roland Raven RP-2406	WP60DM07
Roland Raven RP-2420	WP60DM07
Roland Raven RP-9105	WP60DM07
Samsung Final‚ 8000 (HP)	WP60HP02
Samsung Final‚ 8000 PS	WP60PS02
Seiko ColorPoint PS	WP60PS01
Seiko Personal ColorPoint PS	WP60PS01
Seikosha LT-20	*
Seikosha SK-3000AI	*
Seikosha SK-3005 Plus	*
Seikosha SL-75	*
Seikosha SL-80AI	*
Seikosha SL-80AI (IBM)	*
Seikosha SL-80IP	*
Seikosha SL-90A	*
Seikosha SL-92	*
Seikosha SL-210	*
Seikosha SL-230AI	*
Seikosha SP-1000I	*
Seikosha SP-1600AI	*
Seikosha SP-2000	*
Seikosha SP-2000 Plus	*
Seikosha SP-2450	*
Sharp JX-730	WP60MS01
Sharp JX-9500	WP60HP02
Sharp JX-9500PS	WP60PS02
Sharp JX-9600	WP60HP02
Sharp JX-9600PS	WP60PS02
Sharp JX-9700E	WP60HP02
Sharp JX-9700E PS	WP60PS02
Siemens HighPrint 3100	*
Siemens HighPrint 4100	*
Siemens HighPrint 4200	*
Siemens HighPrint 4400	*
Siemens HighPrint 4400 Color	*
Silver-Reed EXP 500	*
Silver-Reed EXP 550	*
Silver-Reed EXP 800	*
Standard Printer	WP60DM03
Standard Typewriter	WP60DM03
Star FR-10	WP60DM09
Star FR-15	WP60DM09
Star LaserPrinter 4	WP60HP02
Star LaserPrinter 8	WP60HP02
Star LaserPrinter 8DX	WP60HP02
Star LaserPrinter 8II	WP60HP02
Star LS-5	WP60HP02
Star LS-5EX	WP60HP02
Star LS-5TT	WP60PS01
Star LS-5TT (HP)	WP60HP02
Star LS04 StarScript	WP60PS02
Star LS08II LincPage	*
Star NB-15	*
Star NB24-10	*
Star NB24-15	*
Star ND-15	*
Star NL-10	*
Star NL-10 (IBM)	*
Star NP-10	*
Star NR-15	*
Star NX-10 1.x ROM	*
Star NX-10 2.x ROM	*
Star NX-15	*
Star NX-1000	WP60DM09
Star NX-1000 II	WP60DM09
Star NX-1000 Rainbow	WP60DM09
Star NX-1001	WP60DM09
Star NX-1020 Rainbow	WP60DM09
Star NX-1040 Rainbow	WP60DM09
Star NX-1500	WP60DM09
Star NX-2400	WP60DM09
Star NX-2400 (Cyrillic)	*
Star NX-2410	WP60DM09
Star NX-2410 (Cyrillic)	*
Star NX-2415	WP60DM09
Star NX-2415 (Cyrillic)	*
Star NX-2420	WP60DM09
Star NX-2420 Rainbow	WP60DM09
Star NX-2430	WP60DM09
Star PowerType	*
Star SG-10 (IBM Mode)	*
Star SJ-144	WP60DM09
Star StarJet SJ-48	WP60DM09
Star XB-2410	WP60DM09
Star XB-2410 (Cyrillic)	*
Star XB-2415	WP60DM09
Star XB-2415 (Cyrillic)	*
Star XB-2420	WP60DM09
Star XB-2425	WP60DM09
Star XR-1000	WP60DM09
Star XR-1020	WP60DM09
Star XR-1500	WP60DM09
Star XR-1520	WP60DM09
SUN SPARCprinter	WP60PS01
Talaris 1590-T	*
Talaris 1590-T PSI	*
Talaris 800	*
Talaris T810	*
Talaris T811/3	*
Tandy DMP 107	*
Tandy DMP 130	*
Tandy DMP 130 (IBM)	*
Tandy DMP 132	*
Tandy DMP 300	*
Tandy DMP 300 (Tandy Mode)	*
Tandy DMP 430	*
Tandy DMP 440	*
Tandy DMP 440 (IBM)	*
Tandy DMP 2100	*
Tandy DMP 2100P	*
Tandy DMP 2102	*
Tandy DMP 2110	*
Tandy DMP 2110 (IBM)	*
Tandy DMP 2120	*
Tandy DWP IIB	*
Tandy DWP 230	*
Tandy DWP 520	*
Tandy LP 1000	*
Tektronix Phaser ColorQuick	WP60PS02
Tektronix Phaser CP	WP60PS02
Tektronix Phaser III PXi	WP60PS01
Tektronix Phaser PX	WP60PS02
Tektronix Phaser 200e	WP60PS01
Tektronix Phaser 200i	WP60PS01
Tektronix Phaser 4693DX	WP60PS02
Texas Instruments 855	*
Texas Instruments 857	*
Texas Instruments 865	*
Texas Instruments 875	*
Texas Instruments 877	*
TI microLaser (HP)	WP60HP02
TI microLaser (PostScript)	WP60PS02
TI microLaser Turbo (PostScript)	WP60PS01
TI microMarc	WP60MS01
TI microWriter PS23	WP60PS01
TI OmniLaser 2015 (HP)	WP60HP02
TI OmniLaser 2106	WP60PS01
TI OmniLaser 2115 (HP)	WP60HP02
TI OmniLaser 2115 (13 Fonts)	WP60PS02
TI OmniLaser 2115 (35 Fonts)	*
Toshiba ExpressWriter 301 (IBM2 Set)	*
Toshiba ExpressWriter 301 (USA)	*
Toshiba ExpressWriter 311 (IBM2 Set)	*
Toshiba ExpressWriter 311 (USA)	*
Toshiba ExpressWriter 420	*
Toshiba ExpressWriter 420 (Epson)	*
Toshiba ExpressWriter 440	*
Toshiba ExpressWriter 440 (Epson)	*
Toshiba PageLaser 6	WP60HP02
Toshiba PageLaser GX400	WP60HP02
Toshiba PageLaser GX400 PDL	WP60PS02
Toshiba PageLaser12 (HP)	WP60HP02
Toshiba P321	*
Toshiba P321 (IBM Graphics)	*
Toshiba P321SL (IBM2 Set)	*
Toshiba P321SL (USA)	*
Toshiba P321SLC (IBM2 Set)	*
Toshiba P321SLC (USA)	*
Toshiba P341	*
Toshiba P341e	*
Toshiba P341e (IBM Graphics)	*
Toshiba P341SL (IBM2 Set)	*
Toshiba P341SL (USA)	*
Toshiba P351	*
Toshiba P351C	*
Toshiba P351SX (IBM2 Set)	*
Toshiba P351SX (USA)	*
Toshiba P1340	*
Toshiba P1350	*
Toshiba P1351	*
UDP TurboScript II	*
UDP TurboScript III	*
Unisys AP 1324	WP60DM01
Unisys AP 1337	*
Unisys AP 1339	*
Unisys AP 1371	*
Unisys AP 9205 (HP)	WP60HP02
Unisys AP 9205 (PostScript)	WP60PS02
Unisys AP 9206 (HP)	WP60HP02
Unisys AP 9210 (HP)	WP60HP02
Unisys AP 9210 (PostScript)	WP60PS02
Unisys AP 9215-1 (HP)	WP60HP02
Unisys AP 9300 Series	WP60HP01
Unisys AP 9300 Series (PostScript)	WP60PS01
Unisys AP 9415 (PostScript)	*
Unisys Model 37 Laser (HP)	WP60HP02
Unisys NDM 1-PTR	*
Unisys NIP 2-PTR (HP)	WP60HP02
Unisys TM 3345	*
Unisys WDM 1-PTR	*
Xerox 2700 II	*
Xerox 4010	WP60HP02
Xerox 4011	*
Xerox 4011 (HP)	WP60HP02
Xerox 4030 II	WP60HP02
Xerox 4045	*
Xerox 4045 (Diablo)	*
Xerox 4045 (PC)	*
Xerox 4197 MICR	WP60HP02
Xerox 4213	*
Xerox 4213 PostScript	*
Xerox 4213 (PCL4)	WP60HP02
Xerox 4213-II	*
Xerox 4213-II PostScript	*
Xerox 4220 PostScript	*
Xerox 4220 (PCL5)	WP60HP02
Xerox 4235	*
Xerox 4700 Color Document Printer	*
Xerox 4700-II Color Document Printer	*
Xerox DocuTech 90	*
Xerox DocuTech 135	*
Xerox Memorywriter 6018	*
